Archive member included because of file (symbol)

contiki-sky.a(rimeaddr.o)     obj_sky/contiki-sky-main.o (rimeaddr_copy)
contiki-sky.a(rime.o)         obj_sky/contiki-sky-main.o (rime_driver)
contiki-sky.a(rimestats.o)    contiki-sky.a(rime.o) (rimestats)
contiki-sky.a(announcement.o)
                              contiki-sky.a(rime.o) (announcement_init)
contiki-sky.a(broadcast-annou)
                              contiki-sky.a(rime.o) (broadcast_announcement_init)
contiki-sky.a(broadcast.o)    contiki-sky.a(broadcast-annou) (broadcast_send)
contiki-sky.a(abc.o)          contiki-sky.a(rime.o) (abc_input)
contiki-sky.a(chameleon.o)    contiki-sky.a(rime.o) (chameleon_parse)
contiki-sky.a(channel.o)      contiki-sky.a(abc.o) (channel_close)
contiki-sky.a(chameleon-bitop)
                              contiki-sky.a(chameleon.o) (chameleon_bitopt)
contiki-sky.a(csma.o)         obj_sky/contiki-sky-main.o (csma_driver)
contiki-sky.a(contikimac.o)   obj_sky/contiki-sky-main.o (contikimac_driver)
contiki-sky.a(phase.o)        contiki-sky.a(contikimac.o) (phase_init)
contiki-sky.a(process.o)      light-radio.co (process_current)
contiki-sky.a(autostart.o)    obj_sky/contiki-sky-main.o (autostart_start)
contiki-sky.a(compower.o)     contiki-sky.a(contikimac.o) (compower_idle_activity)
contiki-sky.a(serial-line.o)  obj_sky/contiki-sky-main.o (serial_line_init)
contiki-sky.a(memb.o)         contiki-sky.a(csma.o) (memb_alloc)
contiki-sky.a(timer.o)        obj_sky/contiki-sky-main.o (timer_reset)
contiki-sky.a(list.o)         contiki-sky.a(announcement.o) (list_init)
contiki-sky.a(etimer.o)       light-radio.co (etimer_adjust)
contiki-sky.a(ctimer.o)       contiki-sky.a(csma.o) (ctimer_expired)
contiki-sky.a(energest.o)     obj_sky/contiki-sky-main.o (energest_init)
contiki-sky.a(rtimer.o)       contiki-sky.a(contikimac.o) (rtimer_set)
contiki-sky.a(random.o)       contiki-sky.a(broadcast-annou) (random_rand)
contiki-sky.a(ringbuf.o)      contiki-sky.a(serial-line.o) (ringbuf_init)
contiki-sky.a(packetbuf.o)    contiki-sky.a(chameleon-bitop) (packetbuf_hdralloc)
contiki-sky.a(queuebuf.o)     contiki-sky.a(csma.o) (queuebuf_to_packetbuf)
contiki-sky.a(contiki-sky-pla)
                              obj_sky/contiki-sky-main.o (init_platform)
contiki-sky.a(light-sensor.o)
                              light-radio.co (light_sensor)
contiki-sky.a(button-sensor.o)
                              light-radio.co (button_sensor)
contiki-sky.a(ds2411.o)       obj_sky/contiki-sky-main.o (ds2411_init)
contiki-sky.a(xmem.o)         obj_sky/contiki-sky-main.o (xmem_init)
contiki-sky.a(node-id.o)      obj_sky/contiki-sky-main.o (node_id_restore)
contiki-sky.a(sensors.o)      contiki-sky.a(button-sensor.o) (sensors_changed)
contiki-sky.a(cc2420.o)       light-radio.co (cc2420_set_txpower)
contiki-sky.a(cc2420-arch.o)  contiki-sky.a(cc2420.o) (cc2420_arch_init)
contiki-sky.a(sky-sensors.o)  contiki-sky.a(light-sensor.o) (sky_sensors_status)
contiki-sky.a(uart1.o)        obj_sky/contiki-sky-main.o (uart1_active)
contiki-sky.a(uart1-putchar.o)
                              obj_sky/contiki-sky-main.o (putchar)
contiki-sky.a(msp430.o)       contiki-sky.a(broadcast-annou) (w_memcpy)
contiki-sky.a(clock.o)        contiki-sky.a(timer.o) (clock_time)
contiki-sky.a(leds.o)         light-radio.co (leds_off)
contiki-sky.a(leds-arch.o)    contiki-sky.a(leds.o) (leds_arch_init)
contiki-sky.a(watchdog.o)     contiki-sky.a(msp430.o) (watchdog_init)
contiki-sky.a(rtimer-arch.o)  contiki-sky.a(rtimer.o) (rtimer_arch_init)
contiki-sky.a(mac.o)          contiki-sky.a(csma.o) (mac_call_sent_callback)
contiki-sky.a(framer-802154.o)
                              contiki-sky.a(contikimac.o) (framer_802154)
contiki-sky.a(spi.o)          contiki-sky.a(xmem.o) (spi_init)
contiki-sky.a(frame802154.o)  contiki-sky.a(framer-802154.o) (frame802154_parse)
/opt/msp430-gcc-4.4.5/lib/gcc/msp430/4.4.5/msp2/libgcc.a(_mulsi3hw.o)
                              contiki-sky.a(csma.o) (__umulsi3hw)
/opt/msp430-gcc-4.4.5/lib/gcc/msp430/4.4.5/msp2/libgcc.a(_udivmodsi4.o)
                              obj_sky/contiki-sky-main.o (__udivmodsi4)
/opt/msp430-gcc-4.4.5/lib/gcc/msp430/4.4.5/msp2/libgcc.a(_reset_vector__.o)
                              /opt/msp430-gcc-4.4.5/lib/gcc/msp430/4.4.5/../../../../msp430/lib/crt430x1611.o (_reset_vector__)
/opt/msp430-gcc-4.4.5/lib/gcc/msp430/4.4.5/msp2/libgcc.a(__init_stack.o)
                              /opt/msp430-gcc-4.4.5/lib/gcc/msp430/4.4.5/msp2/libgcc.a(_reset_vector__.o) (__init_stack)
/opt/msp430-gcc-4.4.5/lib/gcc/msp430/4.4.5/msp2/libgcc.a(_copy_data.o)
                              /opt/msp430-gcc-4.4.5/lib/gcc/msp430/4.4.5/msp2/libgcc.a(_reset_vector__.o) (__do_copy_data)
/opt/msp430-gcc-4.4.5/lib/gcc/msp430/4.4.5/msp2/libgcc.a(_clear_bss.o)
                              /opt/msp430-gcc-4.4.5/lib/gcc/msp430/4.4.5/msp2/libgcc.a(_reset_vector__.o) (__do_clear_bss)
/opt/msp430-gcc-4.4.5/lib/gcc/msp430/4.4.5/msp2/libgcc.a(__jump_to_main.o)
                              /opt/msp430-gcc-4.4.5/lib/gcc/msp430/4.4.5/msp2/libgcc.a(_reset_vector__.o) (__jump_to_main)
/opt/msp430-gcc-4.4.5/lib/gcc/msp430/4.4.5/../../../../msp430/lib/msp2/libc.a(strncmp.o)
                              light-radio.co (strncmp)
/opt/msp430-gcc-4.4.5/lib/gcc/msp430/4.4.5/../../../../msp430/lib/msp2/libc.a(printf.o)
                              light-radio.co (printf)
/opt/msp430-gcc-4.4.5/lib/gcc/msp430/4.4.5/../../../../msp430/lib/msp2/libc.a(vuprintf.o)
                              /opt/msp430-gcc-4.4.5/lib/gcc/msp430/4.4.5/../../../../msp430/lib/msp2/libc.a(printf.o) (vuprintf)
/opt/msp430-gcc-4.4.5/lib/gcc/msp430/4.4.5/../../../../msp430/lib/msp2/libc.a(puts.o)
                              obj_sky/contiki-sky-main.o (puts)
/opt/msp430-gcc-4.4.5/lib/gcc/msp430/4.4.5/../../../../msp430/lib/msp2/libc.a(rand.o)
                              contiki-sky.a(random.o) (rand)
/opt/msp430-gcc-4.4.5/lib/gcc/msp430/4.4.5/../../../../msp430/lib/msp2/libc.a(_unexpected_.o)
                              /opt/msp430-gcc-4.4.5/lib/gcc/msp430/4.4.5/../../../../msp430/lib/crt430x1611.o (_unexpected_)
/opt/msp430-gcc-4.4.5/lib/gcc/msp430/4.4.5/../../../../msp430/lib/msp2/libc.a(memchr.o)
                              /opt/msp430-gcc-4.4.5/lib/gcc/msp430/4.4.5/../../../../msp430/lib/msp2/libc.a(vuprintf.o) (memchr)
/opt/msp430-gcc-4.4.5/lib/gcc/msp430/4.4.5/../../../../msp430/lib/msp2/libc.a(strlen.o)
                              /opt/msp430-gcc-4.4.5/lib/gcc/msp430/4.4.5/../../../../msp430/lib/msp2/libc.a(vuprintf.o) (strlen)

Allocating common symbols
Common symbol       size              file

compower_idle_activity
                    0x8               contiki-sky.a(compower.o)
energest_total_time
                    0x30              contiki-sky.a(energest.o)
cc2420_last_rssi    0x1               contiki-sky.a(cc2420.o)
cc2420_packets_read
                    0x2               contiki-sky.a(cc2420.o)
cc2420_packets_seen
                    0x2               contiki-sky.a(cc2420.o)
energest_total_count
                    0x2               contiki-sky.a(energest.o)
cc2420_sfd_start_time
                    0x2               contiki-sky.a(cc2420.o)
cc2420_time_of_departure
                    0x2               contiki-sky.a(cc2420.o)
cc2420_time_of_arrival
                    0x2               contiki-sky.a(cc2420.o)
rimestats           0x48              contiki-sky.a(rimestats.o)
energest_current_mode
                    0xc               contiki-sky.a(energest.o)
packetbuf_addrs     0x8               contiki-sky.a(packetbuf.o)
rimeaddr_node_addr  0x2               contiki-sky.a(rimeaddr.o)
process_maxevents   0x1               contiki-sky.a(process.o)
cc2420_last_correlation
                    0x1               contiki-sky.a(cc2420.o)
cc2420_authority_level_of_sender
                    0x2               contiki-sky.a(cc2420.o)
packetbuf_attrs     0x30              contiki-sky.a(packetbuf.o)
msp430_dco_required
                    0x2               contiki-sky.a(msp430.o)
cc2420_sfd_counter  0x1               contiki-sky.a(cc2420.o)
rime_mac            0x2               contiki-sky.a(rime.o)
energest_current_time
                    0x18              contiki-sky.a(energest.o)
sensors_flags       0x2               contiki-sky.a(contiki-sky-pla)
serial_line_event_message
                    0x1               contiki-sky.a(serial-line.o)
cc2420_sfd_end_time
                    0x2               contiki-sky.a(cc2420.o)
sensors_event       0x1               contiki-sky.a(sensors.o)
ds2411_id           0x8               contiki-sky.a(ds2411.o)

Memory Configuration

Name             Origin             Length             Attributes
text             0x00004000         0x0000bfe0         xr
data             0x00001100         0x00002800         xrw
vectors          0x0000ffe0         0x00000020         rw
bootloader       0x00000c00         0x00000400         xr
infomem          0x00001000         0x00000100         xr
infomemnobits    0x00001000         0x00000100         xr
*default*        0x00000000         0xffffffff

Linker script and memory map

LOAD /opt/msp430-gcc-4.4.5/lib/gcc/msp430/4.4.5/../../../../msp430/lib/crt430x1611.o
LOAD light-radio.co
LOAD obj_sky/contiki-sky-main.o
LOAD contiki-sky.a
LOAD /opt/msp430-gcc-4.4.5/lib/gcc/msp430/4.4.5/msp2/libgcc.a
LOAD /opt/msp430-gcc-4.4.5/lib/gcc/msp430/4.4.5/../../../../msp430/lib/msp2/libc.a
LOAD /opt/msp430-gcc-4.4.5/lib/gcc/msp430/4.4.5/msp2/libgcc.a

.hash
 *(.hash)

.dynsym
 *(.dynsym)

.dynstr
 *(.dynstr)

.gnu.version
 *(.gnu.version)

.gnu.version_d
 *(.gnu.version_d)

.gnu.version_r
 *(.gnu.version_r)

.rel.init
 *(.rel.init)

.rela.init
 *(.rela.init)

.rel.text
 *(.rel.text)
 *(.rel.text.*)
 *(.rel.gnu.linkonce.t*)

.rela.text
 *(.rela.text)
 *(.rela.text.*)
 *(.rela.gnu.linkonce.t*)

.rel.fini
 *(.rel.fini)

.rela.fini
 *(.rela.fini)

.rel.rodata
 *(.rel.rodata)
 *(.rel.rodata.*)
 *(.rel.gnu.linkonce.r*)

.rela.rodata
 *(.rela.rodata)
 *(.rela.rodata.*)
 *(.rela.gnu.linkonce.r*)

.rel.data
 *(.rel.data)
 *(.rel.data.*)
 *(.rel.gnu.linkonce.d*)

.rela.data
 *(.rela.data)
 *(.rela.data.*)
 *(.rela.gnu.linkonce.d*)

.rel.ctors
 *(.rel.ctors)

.rela.ctors
 *(.rela.ctors)

.rel.dtors
 *(.rel.dtors)

.rela.dtors
 *(.rela.dtors)

.rel.got
 *(.rel.got)

.rela.got
 *(.rela.got)

.rel.bss
 *(.rel.bss)

.rela.bss
 *(.rela.bss)

.rel.plt
 *(.rel.plt)

.rela.plt
 *(.rela.plt)

.text           0x00004000     0x5b6e
                0x00004000                . = ALIGN (0x2)
 *(.init)
 *(.init)
 *(.init0)
 .init0         0x00004000        0x0 /opt/msp430-gcc-4.4.5/lib/gcc/msp430/4.4.5/msp2/libgcc.a(_reset_vector__.o)
                0x00004000                _reset_vector__
 *(.init0)
 *(.init1)
 *(.init1)
 *(.init2)
 .init2         0x00004000        0x4 /opt/msp430-gcc-4.4.5/lib/gcc/msp430/4.4.5/msp2/libgcc.a(__init_stack.o)
                0x00004000                __init_stack
 *(.init2)
 *(.init3)
 .init3         0x00004004        0x6 /opt/msp430-gcc-4.4.5/lib/gcc/msp430/4.4.5/../../../../msp430/lib/crt430x1611.o
                0x00004004                __low_level_init
 *(.init3)
 *(.init4)
 .init4         0x0000400a       0x12 /opt/msp430-gcc-4.4.5/lib/gcc/msp430/4.4.5/msp2/libgcc.a(_copy_data.o)
                0x0000400a                __do_copy_data
 .init4         0x0000401c       0x10 /opt/msp430-gcc-4.4.5/lib/gcc/msp430/4.4.5/msp2/libgcc.a(_clear_bss.o)
                0x0000401c                __do_clear_bss
 *(.init4)
 *(.init5)
 *(.init5)
 *(.init6)
 *(.init6)
 *(.init7)
 *(.init7)
 *(.init8)
 *(.init8)
 *(.init9)
 .init9         0x0000402c        0x4 /opt/msp430-gcc-4.4.5/lib/gcc/msp430/4.4.5/msp2/libgcc.a(__jump_to_main.o)
                0x0000402c                __jump_to_main
 *(.init9)
                0x00004030                __ctors_start = .
 *(.ctors)
 *(.ctors)
                0x00004030                __ctors_end = .
                0x00004030                __dtors_start = .
 *(.dtors)
 *(.dtors)
                0x00004030                __dtors_end = .
                0x00004030                . = ALIGN (0x2)
 *(.text)
 .text          0x00004030        0x4 /opt/msp430-gcc-4.4.5/lib/gcc/msp430/4.4.5/../../../../msp430/lib/crt430x1611.o
                0x00004030                vector_ffe0
                0x00004030                vector_fff0
                0x00004030                vector_fffc
                0x00004030                vector_ffe4
                0x00004030                vector_fffa
                0x00004030                vector_ffee
                0x00004030                vector_fff8
                0x00004030                vector_fff2
                0x00004030                vector_fff6
 .text          0x00004034      0x1ea light-radio.co
                0x00004216                autostart_processes
 .text          0x0000421e      0x3f2 obj_sky/contiki-sky-main.o
                0x000042f2                main
                0x0000460a                uip_log
 .text          0x00004610       0x38 contiki-sky.a(rimeaddr.o)
                0x00004610                rimeaddr_copy
                0x0000461c                rimeaddr_cmp
                0x00004636                rimeaddr_set_node_addr
                0x00004646                rimeaddr_null
 .text          0x00004648      0x106 contiki-sky.a(rime.o)
                0x000046be                rime_output
                0x0000472a                rime_sniffer_remove
                0x00004736                rime_sniffer_add
                0x00004748                rime_driver
 .text          0x0000474e        0x0 contiki-sky.a(rimestats.o)
 .text          0x0000474e      0x124 contiki-sky.a(announcement.o)
                0x0000474e                announcement_remove_value
                0x00004770                announcement_set_value
                0x00004798                announcement_bump
                0x000047ba                announcement_listen
                0x000047c6                announcement_register_listen_callback
                0x000047cc                announcement_register_observer_callback
                0x000047d2                announcement_list
                0x000047dc                announcement_heard
                0x0000481e                announcement_remove
                0x0000482a                announcement_register
                0x00004868                announcement_init
 .text          0x00004872      0x232 contiki-sky.a(broadcast-annou)
                0x00004874                broadcast_announcement_beacon_interval
                0x0000487e                broadcast_announcement_stop
                0x000048a0                broadcast_announcement_init
 .text          0x00004aa4       0x82 contiki-sky.a(broadcast.o)
                0x00004ab4                broadcast_send
                0x00004aee                broadcast_close
                0x00004af4                broadcast_open
 .text          0x00004b26       0x4c contiki-sky.a(abc.o)
                0x00004b26                abc_input
                0x00004b2e                abc_sent
                0x00004b3e                abc_send
                0x00004b44                abc_close
                0x00004b4a                abc_open
 .text          0x00004b72       0x34 contiki-sky.a(chameleon.o)
                0x00004b72                chameleon_parse
                0x00004b82                chameleon_create
                0x00004b9a                chameleon_hdrsize
                0x00004ba0                chameleon_init
 .text          0x00004ba6       0x6a contiki-sky.a(channel.o)
                0x00004ba6                channel_lookup
                0x00004bc6                channel_close
                0x00004bd2                channel_open
                0x00004be2                channel_set_attributes
                0x00004c06                channel_init
 .text          0x00004c10      0x3da contiki-sky.a(chameleon-bitop)
                0x00004c10                get_bits_in_byte
                0x00004c40                get_bits
                0x00004d32                set_bits_in_byte
                0x00004d58                set_bits
                0x00004fda                chameleon_bitopt
 .text          0x00004fea      0x29e contiki-sky.a(csma.o)
                0x0000527a                csma_driver
 .text          0x00005288      0x734 contiki-sky.a(contikimac.o)
                0x000052cc                contikimac_debug_print
                0x000059ae                contikimac_driver
 .text          0x000059bc      0x24e contiki-sky.a(phase.o)
                0x000059bc                phase_init
                0x00005a0a                find_neighbor
                0x00005a3c                phase_wait
                0x00005b28                phase_update
                0x00005be0                phase_remove
 .text          0x00005c0a      0x2d0 contiki-sky.a(process.o)
                0x00005c0a                process_alloc_event
                0x00005cf8                process_exit
                0x00005d02                process_init
                0x00005d1e                process_run
                0x00005e0e                process_nevents
                0x00005e1c                process_post
                0x00005e72                process_post_synch
                0x00005e84                process_start
                0x00005eb2                process_poll
                0x00005ecc                process_is_running
 .text          0x00005eda       0x2a contiki-sky.a(autostart.o)
                0x00005eda                autostart_exit
                0x00005eee                autostart_start
 .text          0x00005f04       0xc6 contiki-sky.a(compower.o)
                0x00005f04                compower_init
                0x00005f16                compower_clear
                0x00005f28                compower_attrconv
                0x00005f38                compower_accumulate_attrs
                0x00005f58                compower_accumulate
 .text          0x00005fca      0x11a contiki-sky.a(serial-line.o)
                0x00006074                serial_line_init
                0x00006090                serial_line_input_byte
 .text          0x000060e4       0xde contiki-sky.a(memb.o)
                0x000060e4                memb_alloc
                0x00006122                memb_free
                0x0000615c                memb_inmemb
                0x0000618c                memb_init
 .text          0x000061c2       0x96 contiki-sky.a(timer.o)
                0x000061c2                timer_reset
                0x000061d0                timer_remaining
                0x000061f6                timer_expired
                0x00006228                timer_restart
                0x0000623c                timer_set
 .text          0x00006258      0x16c contiki-sky.a(list.o)
                0x00006258                list_init
                0x0000625e                list_head
                0x00006262                list_copy
                0x00006268                list_tail
                0x0000627e                list_add
                0x000062d4                list_push
                0x0000630a                list_chop
                0x00006330                list_pop
                0x0000633e                list_remove
                0x0000636c                list_length
                0x0000637c                list_insert
                0x000063bc                list_item_next
 .text          0x000063c4      0x26c contiki-sky.a(etimer.o)
                0x000063c4                etimer_expired
                0x000063d2                etimer_expiration_time
                0x000063e4                etimer_start_time
                0x000063ea                etimer_pending
                0x000063f6                etimer_next_expiration_time
                0x0000648a                etimer_stop
                0x000064c6                etimer_adjust
                0x000064de                etimer_request_poll
                0x000065ee                etimer_restart
                0x00006600                etimer_reset
                0x00006612                etimer_set
 .text          0x00006630      0x1ec contiki-sky.a(ctimer.o)
                0x000066d4                ctimer_expired
                0x00006706                ctimer_stop
                0x0000672e                ctimer_restart
                0x00006768                ctimer_set
                0x000067ba                ctimer_reset
                0x000067f4                ctimer_init
 .text          0x0000681c       0xc6 contiki-sky.a(energest.o)
                0x0000681c                energest_init
                0x00006846                energest_leveldevice_leveltime
                0x0000684c                energest_type_set
                0x0000685a                energest_flush
                0x0000689e                energest_type_time
 .text          0x000068e2       0x50 contiki-sky.a(rtimer.o)
                0x000068e2                rtimer_run_next
                0x00006908                rtimer_set
                0x0000692c                rtimer_init
 .text          0x00006932        0xc contiki-sky.a(random.o)
                0x00006932                random_rand
                0x00006938                random_init
 .text          0x0000693e       0x9c contiki-sky.a(ringbuf.o)
                0x0000693e                ringbuf_init
                0x00006952                ringbuf_put
                0x0000698e                ringbuf_get
                0x000069c0                ringbuf_size
                0x000069c8                ringbuf_elements
 .text          0x000069da      0x26c contiki-sky.a(packetbuf.o)
                0x000069da                packetbuf_clear_hdr
                0x000069e2                packetbuf_hdralloc
                0x00006a0e                packetbuf_hdr_remove
                0x00006a14                packetbuf_hdrreduce
                0x00006a2e                packetbuf_set_datalen
                0x00006a34                packetbuf_dataptr
                0x00006a42                packetbuf_hdrptr
                0x00006a4c                packetbuf_is_reference
                0x00006a60                packetbuf_reference_ptr
                0x00006a66                packetbuf_datalen
                0x00006a6c                packetbuf_hdrlen
                0x00006a76                packetbuf_totlen
                0x00006a86                packetbuf_attr_copyfrom
                0x00006aa8                packetbuf_attr_copyto
                0x00006ac8                packetbuf_copyto
                0x00006b24                packetbuf_copyto_hdr
                0x00006b46                packetbuf_compact
                0x00006b9a                packetbuf_attr_clear
                0x00006bdc                packetbuf_clear
                0x00006bfc                packetbuf_reference
                0x00006c16                packetbuf_copyfrom
 .text          0x00006c46      0x18a contiki-sky.a(queuebuf.o)
                0x00006c46                queuebuf_datalen
                0x00006c4a                queuebuf_addr
                0x00006c56                queuebuf_attr
                0x00006c64                queuebuf_debug_print
                0x00006c66                queuebuf_dataptr
                0x00006c9a                queuebuf_to_packetbuf
                0x00006d08                queuebuf_free
                0x00006d44                queuebuf_update_attr_from_packetbuf
                0x00006d54                queuebuf_new_from_packetbuf
                0x00006dbe                queuebuf_init
 .text          0x00006dd0        0xc contiki-sky.a(contiki-sky-pla)
                0x00006dd0                init_platform
 .text          0x00006ddc       0x42 contiki-sky.a(light-sensor.o)
                0x00006e16                light_sensor
 .text          0x00006e1e      0x110 contiki-sky.a(button-sensor.o)
                0x00006e98                irq_p2
                0x00006e98                vector_ffe2
                0x00006f26                button_sensor
 .text          0x00006f2e      0x188 contiki-sky.a(ds2411.o)
                0x00006f84                ds2411_init
 .text          0x000070b6      0x360 contiki-sky.a(xmem.o)
                0x00007104                xmem_erase
                0x000071c2                xmem_pwrite
                0x000072fe                xmem_pread
                0x000073da                xmem_init
 .text          0x00007416       0x6e contiki-sky.a(node-id.o)
                0x00007416                node_id_burn
                0x0000744c                node_id_restore
 .text          0x00007484      0x170 contiki-sky.a(sensors.o)
                0x00007484                sensors_first
                0x0000748a                sensors_next
                0x00007574                sensors_find
                0x000075c0                sensors_changed
 .text          0x000075f4      0xc2c contiki-sky.a(cc2420.o)
                0x000076b6                cc2420_get_channel
                0x0000790c                cc2420_set_cca_threshold
                0x00007922                cc2420_cca_valid
                0x00007960                cc2420_get_txpower
                0x0000797e                cc2420_set_txpower
                0x0000798c                cc2420_set_pan_addr
                0x00007ade                cc2420_set_channel
                0x00007b9e                cc2420_on
                0x00007df2                cc2420_off
                0x00007ed2                cc2420_rssi
                0x000080b2                cc2420_interrupt
                0x00008120                cc2420_init
                0x0000820c                cc2420_driver
 .text          0x00008220       0x7c contiki-sky.a(cc2420-arch.o)
                0x00008220                cc2420_arch_init
                0x0000823a                cc24240_port1_interrupt
                0x0000823a                vector_ffe8
 .text          0x0000829c      0x136 contiki-sky.a(sky-sensors.o)
                0x0000829c                sky_sensors_status
                0x000082e0                sky_sensors_configure
 .text          0x000083d2      0x194 contiki-sky.a(uart1.o)
                0x000083d2                uart1_active
                0x000083e6                uart1_set_input
                0x000083ec                uart1_init
                0x000084b0                uart1_rx_interrupt
                0x000084b0                vector_ffe6
                0x0000854c                uart1_writeb
 .text          0x00008566        0xe contiki-sky.a(uart1-putchar.o)
                0x00008566                putchar
 .text          0x00008574      0x168 contiki-sky.a(msp430.o)
                0x00008574                w_memcpy
                0x00008596                w_memset
                0x000085a8                msp430_init_dco
                0x0000861a                msp430_add_lpm_req
                0x00008624                msp430_remove_lpm_req
                0x0000862e                sbrk
                0x0000864c                splhigh_
                0x00008654                splx_
                0x00008658                msp430_sync_dco
                0x000086b4                msp430_cpu_init
 .text          0x000086dc      0x1cc contiki-sky.a(clock.o)
                0x000086dc                clock_time
                0x000086f6                clock_set
                0x0000870c                clock_fine_max
                0x00008712                clock_fine
                0x0000871c                clock_init
                0x00008742                clock_delay
                0x00008748                clock_wait
                0x0000879e                clock_set_seconds
                0x000087a0                clock_seconds
                0x000087ba                clock_counter
                0x000087c0                timera1
                0x000087c0                vector_ffea
 .text          0x000088a8      0x176 contiki-sky.a(leds.o)
                0x000089ac                leds_invert
                0x000089b6                leds_toggle
                0x000089bc                leds_off
                0x000089d0                leds_on
                0x000089e4                leds_get
                0x000089ea                leds_blink
                0x00008a10                leds_init
 .text          0x00008a1e       0x8a contiki-sky.a(leds-arch.o)
                0x00008a1e                leds_arch_init
                0x00008a2c                leds_arch_get
                0x00008a68                leds_arch_set
 .text          0x00008aa8       0x5a contiki-sky.a(watchdog.o)
                0x00008aa8                watchdog_interrupt
                0x00008aa8                vector_fff4
                0x00008aae                watchdog_init
                0x00008ac2                watchdog_start
                0x00008ad6                watchdog_periodic
                0x00008ae6                watchdog_stop
                0x00008afc                watchdog_reboot
 .text          0x00008b02       0x9c contiki-sky.a(rtimer-arch.o)
                0x00008b02                rtimer_arch_init
                0x00008b0e                rtimer_arch_now
                0x00008b1c                rtimer_arch_schedule
                0x00008b22                vector_ffec
                0x00008b22                timera0
 .text          0x00008b9e       0x14 contiki-sky.a(mac.o)
                0x00008b9e                mac_call_sent_callback
 .text          0x00008bb2      0x1ba contiki-sky.a(framer-802154.o)
                0x00008d68                framer_802154
 .text          0x00008d6c       0x30 contiki-sky.a(spi.o)
                0x00008d6c                spi_init
 .text          0x00008d9c      0x3d6 contiki-sky.a(frame802154.o)
                0x00008d9c                frame802154_parse
                0x00008fda                frame802154_create
                0x0000914a                frame802154_hdrlen
 .text          0x00009172        0x0 /opt/msp430-gcc-4.4.5/lib/gcc/msp430/4.4.5/msp2/libgcc.a(_mulsi3hw.o)
 .text          0x00009172        0x0 /opt/msp430-gcc-4.4.5/lib/gcc/msp430/4.4.5/msp2/libgcc.a(_udivmodsi4.o)
 .text          0x00009172        0x0 /opt/msp430-gcc-4.4.5/lib/gcc/msp430/4.4.5/msp2/libgcc.a(_reset_vector__.o)
 .text          0x00009172        0x0 /opt/msp430-gcc-4.4.5/lib/gcc/msp430/4.4.5/msp2/libgcc.a(__init_stack.o)
 .text          0x00009172        0x0 /opt/msp430-gcc-4.4.5/lib/gcc/msp430/4.4.5/msp2/libgcc.a(_copy_data.o)
 .text          0x00009172        0x0 /opt/msp430-gcc-4.4.5/lib/gcc/msp430/4.4.5/msp2/libgcc.a(_clear_bss.o)
 .text          0x00009172        0x0 /opt/msp430-gcc-4.4.5/lib/gcc/msp430/4.4.5/msp2/libgcc.a(__jump_to_main.o)
 .text          0x00009172       0x58 /opt/msp430-gcc-4.4.5/lib/gcc/msp430/4.4.5/../../../../msp430/lib/msp2/libc.a(strncmp.o)
                0x00009172                strncmp
 .text          0x000091ca       0x2e /opt/msp430-gcc-4.4.5/lib/gcc/msp430/4.4.5/../../../../msp430/lib/msp2/libc.a(printf.o)
                0x000091ca                printf
 .text          0x000091f8      0x74c /opt/msp430-gcc-4.4.5/lib/gcc/msp430/4.4.5/../../../../msp430/lib/msp2/libc.a(vuprintf.o)
                0x0000927c                vuprintf
 .text          0x00009944       0x4a /opt/msp430-gcc-4.4.5/lib/gcc/msp430/4.4.5/../../../../msp430/lib/msp2/libc.a(puts.o)
                0x00009944                puts
 .text          0x0000998e      0x128 /opt/msp430-gcc-4.4.5/lib/gcc/msp430/4.4.5/../../../../msp430/lib/msp2/libc.a(rand.o)
                0x00009a4e                rand_r
                0x00009a8a                rand
                0x00009a9a                srand
 .text          0x00009ab6        0x2 /opt/msp430-gcc-4.4.5/lib/gcc/msp430/4.4.5/../../../../msp430/lib/msp2/libc.a(_unexpected_.o)
                0x00009ab6                _unexpected_
 .text          0x00009ab8       0x3a /opt/msp430-gcc-4.4.5/lib/gcc/msp430/4.4.5/../../../../msp430/lib/msp2/libc.a(memchr.o)
                0x00009ab8                memchr
 .text          0x00009af2       0x2a /opt/msp430-gcc-4.4.5/lib/gcc/msp430/4.4.5/../../../../msp430/lib/msp2/libc.a(strlen.o)
                0x00009af2                strlen
                0x00009b1c                . = ALIGN (0x2)
 *(.text.*)
 .text.libgcc   0x00009b1c       0x28 /opt/msp430-gcc-4.4.5/lib/gcc/msp430/4.4.5/msp2/libgcc.a(_mulsi3hw.o)
                0x00009b1c                __umulsi3hw
 .text.libgcc   0x00009b44       0x2a /opt/msp430-gcc-4.4.5/lib/gcc/msp430/4.4.5/msp2/libgcc.a(_udivmodsi4.o)
                0x00009b44                __udivmodsi4
 .text.libgcc   0x00009b6e        0x0 /opt/msp430-gcc-4.4.5/lib/gcc/msp430/4.4.5/msp2/libgcc.a(_reset_vector__.o)
 .text.libgcc   0x00009b6e        0x0 /opt/msp430-gcc-4.4.5/lib/gcc/msp430/4.4.5/msp2/libgcc.a(__init_stack.o)
 .text.libgcc   0x00009b6e        0x0 /opt/msp430-gcc-4.4.5/lib/gcc/msp430/4.4.5/msp2/libgcc.a(_copy_data.o)
 .text.libgcc   0x00009b6e        0x0 /opt/msp430-gcc-4.4.5/lib/gcc/msp430/4.4.5/msp2/libgcc.a(_clear_bss.o)
 .text.libgcc   0x00009b6e        0x0 /opt/msp430-gcc-4.4.5/lib/gcc/msp430/4.4.5/msp2/libgcc.a(__jump_to_main.o)
                0x00009b6e                . = ALIGN (0x2)
 *(.fini9)
 *(.fini9)
 *(.fini8)
 *(.fini8)
 *(.fini7)
 *(.fini7)
 *(.fini6)
 *(.fini6)
 *(.fini5)
 *(.fini5)
 *(.fini4)
 *(.fini4)
 *(.fini3)
 *(.fini3)
 *(.fini2)
 *(.fini2)
 *(.fini1)
 *(.fini1)
 *(.fini0)
 *(.fini0)
 *(.fini)
 *(.fini)
                0x00009b6e                _etext = .

.data           0x00001100       0x74 load address 0x00009b6e
                0x00001100                PROVIDE (__data_start, .)
                0x00001100                . = ALIGN (0x2)
 *(.data)
 .data          0x00001100        0x0 /opt/msp430-gcc-4.4.5/lib/gcc/msp430/4.4.5/../../../../msp430/lib/crt430x1611.o
 .data          0x00001100        0xa light-radio.co
                0x00001100                light_radio_process
 .data          0x0000110a        0x0 obj_sky/contiki-sky-main.o
 .data          0x0000110a        0x0 contiki-sky.a(rimeaddr.o)
 .data          0x0000110a        0x0 contiki-sky.a(rime.o)
 .data          0x0000110a        0x0 contiki-sky.a(rimestats.o)
 .data          0x0000110a        0x0 contiki-sky.a(announcement.o)
 .data          0x0000110a        0x0 contiki-sky.a(broadcast-annou)
 .data          0x0000110a        0x0 contiki-sky.a(broadcast.o)
 .data          0x0000110a        0x0 contiki-sky.a(abc.o)
 .data          0x0000110a        0x0 contiki-sky.a(chameleon.o)
 .data          0x0000110a        0x0 contiki-sky.a(channel.o)
 .data          0x0000110a        0x0 contiki-sky.a(chameleon-bitop)
 .data          0x0000110a        0x8 contiki-sky.a(csma.o)
 .data          0x00001112        0xe contiki-sky.a(contikimac.o)
                0x00001112                phase_list
 .data          0x00001120        0x8 contiki-sky.a(phase.o)
 .data          0x00001128        0x0 contiki-sky.a(process.o)
 .data          0x00001128        0x0 contiki-sky.a(autostart.o)
 .data          0x00001128        0x0 contiki-sky.a(compower.o)
 .data          0x00001128        0xa contiki-sky.a(serial-line.o)
                0x00001128                serial_line_process
 .data          0x00001132        0x0 contiki-sky.a(memb.o)
 .data          0x00001132        0x0 contiki-sky.a(timer.o)
 .data          0x00001132        0x0 contiki-sky.a(list.o)
 .data          0x00001132        0xa contiki-sky.a(etimer.o)
                0x00001132                etimer_process
 .data          0x0000113c        0xa contiki-sky.a(ctimer.o)
                0x0000113c                ctimer_process
 .data          0x00001146        0x0 contiki-sky.a(energest.o)
 .data          0x00001146        0x0 contiki-sky.a(rtimer.o)
 .data          0x00001146        0x0 contiki-sky.a(random.o)
 .data          0x00001146        0x0 contiki-sky.a(ringbuf.o)
 .data          0x00001146        0x0 contiki-sky.a(packetbuf.o)
 .data          0x00001146       0x10 contiki-sky.a(queuebuf.o)
 .data          0x00001156        0x4 contiki-sky.a(contiki-sky-pla)
                0x00001156                sensors
 .data          0x0000115a        0x0 contiki-sky.a(light-sensor.o)
 .data          0x0000115a        0x0 contiki-sky.a(button-sensor.o)
 .data          0x0000115a        0x0 contiki-sky.a(ds2411.o)
 .data          0x0000115a        0x0 contiki-sky.a(xmem.o)
 .data          0x0000115a        0x0 contiki-sky.a(node-id.o)
 .data          0x0000115a        0xa contiki-sky.a(sensors.o)
                0x0000115a                sensors_process
 .data          0x00001164        0xa contiki-sky.a(cc2420.o)
                0x00001164                cc2420_process
 .data          0x0000116e        0x0 contiki-sky.a(cc2420-arch.o)
 .data          0x0000116e        0x0 contiki-sky.a(sky-sensors.o)
 .data          0x0000116e        0x0 contiki-sky.a(uart1.o)
 .data          0x0000116e        0x0 contiki-sky.a(uart1-putchar.o)
 .data          0x0000116e        0x2 contiki-sky.a(msp430.o)
 .data          0x00001170        0x0 contiki-sky.a(clock.o)
 .data          0x00001170        0x0 contiki-sky.a(leds.o)
 .data          0x00001170        0x0 contiki-sky.a(leds-arch.o)
 .data          0x00001170        0x0 contiki-sky.a(watchdog.o)
 .data          0x00001170        0x0 contiki-sky.a(rtimer-arch.o)
 .data          0x00001170        0x0 contiki-sky.a(mac.o)
 .data          0x00001170        0x0 contiki-sky.a(framer-802154.o)
 .data          0x00001170        0x0 contiki-sky.a(spi.o)
 .data          0x00001170        0x0 contiki-sky.a(frame802154.o)
 .data          0x00001170        0x0 /opt/msp430-gcc-4.4.5/lib/gcc/msp430/4.4.5/msp2/libgcc.a(_mulsi3hw.o)
 .data          0x00001170        0x0 /opt/msp430-gcc-4.4.5/lib/gcc/msp430/4.4.5/msp2/libgcc.a(_udivmodsi4.o)
 .data          0x00001170        0x0 /opt/msp430-gcc-4.4.5/lib/gcc/msp430/4.4.5/msp2/libgcc.a(_reset_vector__.o)
 .data          0x00001170        0x0 /opt/msp430-gcc-4.4.5/lib/gcc/msp430/4.4.5/msp2/libgcc.a(__init_stack.o)
 .data          0x00001170        0x0 /opt/msp430-gcc-4.4.5/lib/gcc/msp430/4.4.5/msp2/libgcc.a(_copy_data.o)
 .data          0x00001170        0x0 /opt/msp430-gcc-4.4.5/lib/gcc/msp430/4.4.5/msp2/libgcc.a(_clear_bss.o)
 .data          0x00001170        0x0 /opt/msp430-gcc-4.4.5/lib/gcc/msp430/4.4.5/msp2/libgcc.a(__jump_to_main.o)
 .data          0x00001170        0x0 /opt/msp430-gcc-4.4.5/lib/gcc/msp430/4.4.5/../../../../msp430/lib/msp2/libc.a(strncmp.o)
 .data          0x00001170        0x0 /opt/msp430-gcc-4.4.5/lib/gcc/msp430/4.4.5/../../../../msp430/lib/msp2/libc.a(printf.o)
 .data          0x00001170        0x0 /opt/msp430-gcc-4.4.5/lib/gcc/msp430/4.4.5/../../../../msp430/lib/msp2/libc.a(vuprintf.o)
 .data          0x00001170        0x0 /opt/msp430-gcc-4.4.5/lib/gcc/msp430/4.4.5/../../../../msp430/lib/msp2/libc.a(puts.o)
 .data          0x00001170        0x4 /opt/msp430-gcc-4.4.5/lib/gcc/msp430/4.4.5/../../../../msp430/lib/msp2/libc.a(rand.o)
 .data          0x00001174        0x0 /opt/msp430-gcc-4.4.5/lib/gcc/msp430/4.4.5/../../../../msp430/lib/msp2/libc.a(_unexpected_.o)
 .data          0x00001174        0x0 /opt/msp430-gcc-4.4.5/lib/gcc/msp430/4.4.5/../../../../msp430/lib/msp2/libc.a(memchr.o)
 .data          0x00001174        0x0 /opt/msp430-gcc-4.4.5/lib/gcc/msp430/4.4.5/../../../../msp430/lib/msp2/libc.a(strlen.o)
 *(SORT(.data.*))
                0x00001174                . = ALIGN (0x2)
 *(.gnu.linkonce.d*)
                0x00001174                . = ALIGN (0x2)
                0x00001174                _edata = .
                0x00009b6e                PROVIDE (__data_load_start, LOADADDR (.data))
                0x00000074                PROVIDE (__data_size, SIZEOF (.data))

.bootloader     0x00000c00        0x0
                0x00000c00                PROVIDE (__boot_start, .)
 *(.bootloader)
                0x00000c00                . = ALIGN (0x2)
 *(.bootloader.*)

.infomem        0x00001000        0x0
 *(.infomem)
                0x00001000                . = ALIGN (0x2)
 *(.infomem.*)

.infomemnobits  0x00001000        0x0
 *(.infomemnobits)
                0x00001000                . = ALIGN (0x2)
 *(.infomemnobits.*)

.bss            0x00001174     0x13cc
                0x00001174                PROVIDE (__bss_start, .)
 *(.bss)
 .bss           0x00001174        0x0 /opt/msp430-gcc-4.4.5/lib/gcc/msp430/4.4.5/../../../../msp430/lib/crt430x1611.o
 .bss           0x00001174       0x52 light-radio.co
 .bss           0x000011c6        0xc obj_sky/contiki-sky-main.o
 .bss           0x000011d2        0x0 contiki-sky.a(rimeaddr.o)
 .bss           0x000011d2        0x2 contiki-sky.a(rime.o)
 .bss           0x000011d4        0x0 contiki-sky.a(rimestats.o)
 .bss           0x000011d4        0x6 contiki-sky.a(announcement.o)
 .bss           0x000011da       0x46 contiki-sky.a(broadcast-annou)
 .bss           0x00001220        0x0 contiki-sky.a(broadcast.o)
 .bss           0x00001220        0x0 contiki-sky.a(abc.o)
 .bss           0x00001220        0x0 contiki-sky.a(chameleon.o)
 .bss           0x00001220        0x2 contiki-sky.a(channel.o)
 .bss           0x00001222        0x0 contiki-sky.a(chameleon-bitop)
 .bss           0x00001222       0x68 contiki-sky.a(csma.o)
 .bss           0x0000128a      0x264 contiki-sky.a(contikimac.o)
 .bss           0x000014ee       0xd8 contiki-sky.a(phase.o)
 .bss           0x000015c6       0x42 contiki-sky.a(process.o)
                0x000015c6                process_list
                0x000015c8                process_current
 .bss           0x00001608        0x0 contiki-sky.a(autostart.o)
 .bss           0x00001608        0x8 contiki-sky.a(compower.o)
 .bss           0x00001610      0x10a contiki-sky.a(serial-line.o)
 .bss           0x0000171a        0x0 contiki-sky.a(memb.o)
 .bss           0x0000171a        0x0 contiki-sky.a(timer.o)
 .bss           0x0000171a        0x0 contiki-sky.a(list.o)
 .bss           0x0000171a        0x6 contiki-sky.a(etimer.o)
 .bss           0x00001720        0x4 contiki-sky.a(ctimer.o)
 .bss           0x00001724        0x0 contiki-sky.a(energest.o)
 .bss           0x00001724        0x2 contiki-sky.a(rtimer.o)
 .bss           0x00001726        0x0 contiki-sky.a(random.o)
 .bss           0x00001726        0x0 contiki-sky.a(ringbuf.o)
 .bss           0x00001726       0xba contiki-sky.a(packetbuf.o)
 .bss           0x000017e0      0xc1e contiki-sky.a(queuebuf.o)
 .bss           0x000023fe        0x0 contiki-sky.a(contiki-sky-pla)
 .bss           0x000023fe        0x0 contiki-sky.a(light-sensor.o)
 .bss           0x000023fe        0x8 contiki-sky.a(button-sensor.o)
 .bss           0x00002406        0x0 contiki-sky.a(ds2411.o)
 .bss           0x00002406        0x0 contiki-sky.a(xmem.o)
 .bss           0x00002406        0x2 contiki-sky.a(node-id.o)
                0x00002406                node_id
 .bss           0x00002408        0x6 contiki-sky.a(sensors.o)
 .bss           0x0000240e        0xc contiki-sky.a(cc2420.o)
 .bss           0x0000241a        0x0 contiki-sky.a(cc2420-arch.o)
 .bss           0x0000241a        0x4 contiki-sky.a(sky-sensors.o)
 .bss           0x0000241e        0x4 contiki-sky.a(uart1.o)
 .bss           0x00002422        0x0 contiki-sky.a(uart1-putchar.o)
 .bss           0x00002422        0x0 contiki-sky.a(msp430.o)
 .bss           0x00002422        0xa contiki-sky.a(clock.o)
 .bss           0x0000242c        0x2 contiki-sky.a(leds.o)
 .bss           0x0000242e        0x0 contiki-sky.a(leds-arch.o)
 .bss           0x0000242e        0x2 contiki-sky.a(watchdog.o)
 .bss           0x00002430        0x0 contiki-sky.a(rtimer-arch.o)
 .bss           0x00002430        0x0 contiki-sky.a(mac.o)
 .bss           0x00002430        0x2 contiki-sky.a(framer-802154.o)
 .bss           0x00002432        0x2 contiki-sky.a(spi.o)
                0x00002432                spi_busy
 .bss           0x00002434        0x0 contiki-sky.a(frame802154.o)
 .bss           0x00002434        0x0 /opt/msp430-gcc-4.4.5/lib/gcc/msp430/4.4.5/msp2/libgcc.a(_mulsi3hw.o)
 .bss           0x00002434        0x0 /opt/msp430-gcc-4.4.5/lib/gcc/msp430/4.4.5/msp2/libgcc.a(_udivmodsi4.o)
 .bss           0x00002434        0x0 /opt/msp430-gcc-4.4.5/lib/gcc/msp430/4.4.5/msp2/libgcc.a(_reset_vector__.o)
 .bss           0x00002434        0x0 /opt/msp430-gcc-4.4.5/lib/gcc/msp430/4.4.5/msp2/libgcc.a(__init_stack.o)
 .bss           0x00002434        0x0 /opt/msp430-gcc-4.4.5/lib/gcc/msp430/4.4.5/msp2/libgcc.a(_copy_data.o)
 .bss           0x00002434        0x0 /opt/msp430-gcc-4.4.5/lib/gcc/msp430/4.4.5/msp2/libgcc.a(_clear_bss.o)
 .bss           0x00002434        0x0 /opt/msp430-gcc-4.4.5/lib/gcc/msp430/4.4.5/msp2/libgcc.a(__jump_to_main.o)
 .bss           0x00002434        0x0 /opt/msp430-gcc-4.4.5/lib/gcc/msp430/4.4.5/../../../../msp430/lib/msp2/libc.a(strncmp.o)
 .bss           0x00002434        0x0 /opt/msp430-gcc-4.4.5/lib/gcc/msp430/4.4.5/../../../../msp430/lib/msp2/libc.a(printf.o)
 .bss           0x00002434        0x4 /opt/msp430-gcc-4.4.5/lib/gcc/msp430/4.4.5/../../../../msp430/lib/msp2/libc.a(vuprintf.o)
 .bss           0x00002438        0x0 /opt/msp430-gcc-4.4.5/lib/gcc/msp430/4.4.5/../../../../msp430/lib/msp2/libc.a(puts.o)
 .bss           0x00002438        0x0 /opt/msp430-gcc-4.4.5/lib/gcc/msp430/4.4.5/../../../../msp430/lib/msp2/libc.a(rand.o)
 .bss           0x00002438        0x0 /opt/msp430-gcc-4.4.5/lib/gcc/msp430/4.4.5/../../../../msp430/lib/msp2/libc.a(_unexpected_.o)
 .bss           0x00002438        0x0 /opt/msp430-gcc-4.4.5/lib/gcc/msp430/4.4.5/../../../../msp430/lib/msp2/libc.a(memchr.o)
 .bss           0x00002438        0x0 /opt/msp430-gcc-4.4.5/lib/gcc/msp430/4.4.5/../../../../msp430/lib/msp2/libc.a(strlen.o)
 *(SORT(.bss.*))
 *(COMMON)
 COMMON         0x00002438        0x2 contiki-sky.a(rimeaddr.o)
                0x00002438                rimeaddr_node_addr
 COMMON         0x0000243a        0x2 contiki-sky.a(rime.o)
                0x0000243a                rime_mac
 COMMON         0x0000243c       0x48 contiki-sky.a(rimestats.o)
                0x0000243c                rimestats
 COMMON         0x00002484        0x1 contiki-sky.a(process.o)
                0x00002484                process_maxevents
 *fill*         0x00002485        0x1 00
 COMMON         0x00002486        0x8 contiki-sky.a(compower.o)
                0x00002486                compower_idle_activity
 COMMON         0x0000248e        0x1 contiki-sky.a(serial-line.o)
                0x0000248e                serial_line_event_message
 *fill*         0x0000248f        0x1 00
 COMMON         0x00002490       0x56 contiki-sky.a(energest.o)
                0x00002490                energest_total_time
                0x000024c0                energest_total_count
                0x000024c2                energest_current_mode
                0x000024ce                energest_current_time
 COMMON         0x000024e6       0x38 contiki-sky.a(packetbuf.o)
                0x000024e6                packetbuf_addrs
                0x000024ee                packetbuf_attrs
 COMMON         0x0000251e        0x2 contiki-sky.a(contiki-sky-pla)
                0x0000251e                sensors_flags
 COMMON         0x00002520        0x8 contiki-sky.a(ds2411.o)
                0x00002520                ds2411_id
 COMMON         0x00002528        0x1 contiki-sky.a(sensors.o)
                0x00002528                sensors_event
 *fill*         0x00002529        0x1 00
 COMMON         0x0000252a       0x14 contiki-sky.a(cc2420.o)
                0x0000252a                cc2420_last_rssi
                0x0000252c                cc2420_packets_read
                0x0000252e                cc2420_packets_seen
                0x00002530                cc2420_sfd_start_time
                0x00002532                cc2420_time_of_departure
                0x00002534                cc2420_time_of_arrival
                0x00002536                cc2420_last_correlation
                0x00002538                cc2420_authority_level_of_sender
                0x0000253a                cc2420_sfd_counter
                0x0000253c                cc2420_sfd_end_time
 COMMON         0x0000253e        0x2 contiki-sky.a(msp430.o)
                0x0000253e                msp430_dco_required
                0x00002540                PROVIDE (__bss_end, .)
                0x00002540                _end = .
                0x000013cc                PROVIDE (__bss_size, SIZEOF (.bss))

.noinit         0x00002540        0x0
                0x00002540                PROVIDE (__noinit_start, .)
 *(.noinit)
 *(.noinit.*)
 *(COMMON)
                0x00002540                PROVIDE (__noinit_end, .)
                0x00002540                _end = .

.vectors        0x0000ffe0       0x20
                0x0000ffe0                PROVIDE (__vectors_start, .)
 *(.vectors*)
 .vectors       0x0000ffe0       0x20 /opt/msp430-gcc-4.4.5/lib/gcc/msp430/4.4.5/../../../../msp430/lib/crt430x1611.o
                0x0000ffe0                InterruptVectors
 *(.vectors*)
                0x00010000                _vectors_end = .

.profiler
 *(.profiler)

.stab
 *(.stab)

.stabstr
 *(.stabstr)

.stab.excl
 *(.stab.excl)

.stab.exclstr
 *(.stab.exclstr)

.stab.index
 *(.stab.index)

.stab.indexstr
 *(.stab.indexstr)

.comment
 *(.comment)

.debug
 *(.debug)

.line
 *(.line)

.debug_srcinfo
 *(.debug_srcinfo .zdebug_srcinfo)

.debug_sfnames
 *(.debug_sfnames .zdebug_sfnames)

.debug_aranges  0x00000000      0x474
 *(.debug_aranges .zdebug_aranges)
 .debug_aranges
                0x00000000       0x14 light-radio.co
 .debug_aranges
                0x00000014       0x14 obj_sky/contiki-sky-main.o
 .debug_aranges
                0x00000028       0x14 contiki-sky.a(rimeaddr.o)
 .debug_aranges
                0x0000003c       0x14 contiki-sky.a(rime.o)
 .debug_aranges
                0x00000050       0x14 contiki-sky.a(announcement.o)
 .debug_aranges
                0x00000064       0x14 contiki-sky.a(broadcast-annou)
 .debug_aranges
                0x00000078       0x14 contiki-sky.a(broadcast.o)
 .debug_aranges
                0x0000008c       0x14 contiki-sky.a(abc.o)
 .debug_aranges
                0x000000a0       0x14 contiki-sky.a(chameleon.o)
 .debug_aranges
                0x000000b4       0x14 contiki-sky.a(channel.o)
 .debug_aranges
                0x000000c8       0x14 contiki-sky.a(chameleon-bitop)
 .debug_aranges
                0x000000dc       0x14 contiki-sky.a(csma.o)
 .debug_aranges
                0x000000f0       0x14 contiki-sky.a(contikimac.o)
 .debug_aranges
                0x00000104       0x14 contiki-sky.a(phase.o)
 .debug_aranges
                0x00000118       0x14 contiki-sky.a(process.o)
 .debug_aranges
                0x0000012c       0x14 contiki-sky.a(autostart.o)
 .debug_aranges
                0x00000140       0x14 contiki-sky.a(compower.o)
 .debug_aranges
                0x00000154       0x14 contiki-sky.a(serial-line.o)
 .debug_aranges
                0x00000168       0x14 contiki-sky.a(memb.o)
 .debug_aranges
                0x0000017c       0x14 contiki-sky.a(timer.o)
 .debug_aranges
                0x00000190       0x14 contiki-sky.a(list.o)
 .debug_aranges
                0x000001a4       0x14 contiki-sky.a(etimer.o)
 .debug_aranges
                0x000001b8       0x14 contiki-sky.a(ctimer.o)
 .debug_aranges
                0x000001cc       0x14 contiki-sky.a(energest.o)
 .debug_aranges
                0x000001e0       0x14 contiki-sky.a(rtimer.o)
 .debug_aranges
                0x000001f4       0x14 contiki-sky.a(random.o)
 .debug_aranges
                0x00000208       0x14 contiki-sky.a(ringbuf.o)
 .debug_aranges
                0x0000021c       0x14 contiki-sky.a(packetbuf.o)
 .debug_aranges
                0x00000230       0x14 contiki-sky.a(queuebuf.o)
 .debug_aranges
                0x00000244       0x14 contiki-sky.a(contiki-sky-pla)
 .debug_aranges
                0x00000258       0x14 contiki-sky.a(light-sensor.o)
 .debug_aranges
                0x0000026c       0x14 contiki-sky.a(button-sensor.o)
 .debug_aranges
                0x00000280       0x14 contiki-sky.a(ds2411.o)
 .debug_aranges
                0x00000294       0x14 contiki-sky.a(xmem.o)
 .debug_aranges
                0x000002a8       0x14 contiki-sky.a(node-id.o)
 .debug_aranges
                0x000002bc       0x14 contiki-sky.a(sensors.o)
 .debug_aranges
                0x000002d0       0x14 contiki-sky.a(cc2420.o)
 .debug_aranges
                0x000002e4       0x14 contiki-sky.a(cc2420-arch.o)
 .debug_aranges
                0x000002f8       0x14 contiki-sky.a(sky-sensors.o)
 .debug_aranges
                0x0000030c       0x14 contiki-sky.a(uart1.o)
 .debug_aranges
                0x00000320       0x14 contiki-sky.a(uart1-putchar.o)
 .debug_aranges
                0x00000334       0x14 contiki-sky.a(msp430.o)
 .debug_aranges
                0x00000348       0x14 contiki-sky.a(clock.o)
 .debug_aranges
                0x0000035c       0x14 contiki-sky.a(leds.o)
 .debug_aranges
                0x00000370       0x14 contiki-sky.a(leds-arch.o)
 .debug_aranges
                0x00000384       0x14 contiki-sky.a(watchdog.o)
 .debug_aranges
                0x00000398       0x14 contiki-sky.a(rtimer-arch.o)
 .debug_aranges
                0x000003ac       0x14 contiki-sky.a(mac.o)
 .debug_aranges
                0x000003c0       0x14 contiki-sky.a(framer-802154.o)
 .debug_aranges
                0x000003d4       0x14 contiki-sky.a(spi.o)
 .debug_aranges
                0x000003e8       0x14 contiki-sky.a(frame802154.o)
 .debug_aranges
                0x000003fc       0x14 /opt/msp430-gcc-4.4.5/lib/gcc/msp430/4.4.5/msp2/libgcc.a(_mulsi3hw.o)
 .debug_aranges
                0x00000410       0x14 /opt/msp430-gcc-4.4.5/lib/gcc/msp430/4.4.5/msp2/libgcc.a(_udivmodsi4.o)
 .debug_aranges
                0x00000424       0x14 /opt/msp430-gcc-4.4.5/lib/gcc/msp430/4.4.5/msp2/libgcc.a(__init_stack.o)
 .debug_aranges
                0x00000438       0x14 /opt/msp430-gcc-4.4.5/lib/gcc/msp430/4.4.5/msp2/libgcc.a(_copy_data.o)
 .debug_aranges
                0x0000044c       0x14 /opt/msp430-gcc-4.4.5/lib/gcc/msp430/4.4.5/msp2/libgcc.a(_clear_bss.o)
 .debug_aranges
                0x00000460       0x14 /opt/msp430-gcc-4.4.5/lib/gcc/msp430/4.4.5/msp2/libgcc.a(__jump_to_main.o)

.debug_pubnames
                0x00000000     0x1978
 *(.debug_pubnames .zdebug_pubnames)
 .debug_pubnames
                0x00000000       0x42 light-radio.co
 .debug_pubnames
                0x00000042       0x27 obj_sky/contiki-sky-main.o
 .debug_pubnames
                0x00000069       0x79 contiki-sky.a(rimeaddr.o)
 .debug_pubnames
                0x000000e2       0x6c contiki-sky.a(rime.o)
 .debug_pubnames
                0x0000014e       0x20 contiki-sky.a(rimestats.o)
 .debug_pubnames
                0x0000016e      0x144 contiki-sky.a(announcement.o)
 .debug_pubnames
                0x000002b2       0x7d contiki-sky.a(broadcast-annou)
 .debug_pubnames
                0x0000032f       0x4c contiki-sky.a(broadcast.o)
 .debug_pubnames
                0x0000037b       0x55 contiki-sky.a(abc.o)
 .debug_pubnames
                0x000003d0       0x64 contiki-sky.a(chameleon.o)
 .debug_pubnames
                0x00000434       0x74 contiki-sky.a(channel.o)
 .debug_pubnames
                0x000004a8       0x6b contiki-sky.a(chameleon-bitop)
 .debug_pubnames
                0x00000513       0x22 contiki-sky.a(csma.o)
 .debug_pubnames
                0x00000535       0x52 contiki-sky.a(contikimac.o)
 .debug_pubnames
                0x00000587       0x64 contiki-sky.a(phase.o)
 .debug_pubnames
                0x000005eb      0x10d contiki-sky.a(process.o)
 .debug_pubnames
                0x000006f8       0x39 contiki-sky.a(autostart.o)
 .debug_pubnames
                0x00000731       0x9e contiki-sky.a(compower.o)
 .debug_pubnames
                0x000007cf       0x78 contiki-sky.a(serial-line.o)
 .debug_pubnames
                0x00000847       0x4d contiki-sky.a(memb.o)
 .debug_pubnames
                0x00000894       0x68 contiki-sky.a(timer.o)
 .debug_pubnames
                0x000008fc       0xc3 contiki-sky.a(list.o)
 .debug_pubnames
                0x000009bf      0x109 contiki-sky.a(etimer.o)
 .debug_pubnames
                0x00000ac8       0x8b contiki-sky.a(ctimer.o)
 .debug_pubnames
                0x00000b53       0xec contiki-sky.a(energest.o)
 .debug_pubnames
                0x00000c3f       0x45 contiki-sky.a(rtimer.o)
 .debug_pubnames
                0x00000c84       0x32 contiki-sky.a(random.o)
 .debug_pubnames
                0x00000cb6       0x69 contiki-sky.a(ringbuf.o)
 .debug_pubnames
                0x00000d1f      0x22c contiki-sky.a(packetbuf.o)
 .debug_pubnames
                0x00000f4b       0xff contiki-sky.a(queuebuf.o)
 .debug_pubnames
                0x0000104a       0x42 contiki-sky.a(contiki-sky-pla)
 .debug_pubnames
                0x0000108c       0x23 contiki-sky.a(light-sensor.o)
 .debug_pubnames
                0x000010af       0x2f contiki-sky.a(button-sensor.o)
 .debug_pubnames
                0x000010de       0x30 contiki-sky.a(ds2411.o)
 .debug_pubnames
                0x0000110e       0x4e contiki-sky.a(xmem.o)
 .debug_pubnames
                0x0000115c       0x43 contiki-sky.a(node-id.o)
 .debug_pubnames
                0x0000119f       0x80 contiki-sky.a(sensors.o)
 .debug_pubnames
                0x0000121f      0x236 contiki-sky.a(cc2420.o)
 .debug_pubnames
                0x00001455       0x43 contiki-sky.a(cc2420-arch.o)
 .debug_pubnames
                0x00001498       0x43 contiki-sky.a(sky-sensors.o)
 .debug_pubnames
                0x000014db       0x6e contiki-sky.a(uart1.o)
 .debug_pubnames
                0x00001549       0x1e contiki-sky.a(uart1-putchar.o)
 .debug_pubnames
                0x00001567       0xd1 contiki-sky.a(msp430.o)
 .debug_pubnames
                0x00001638       0xc5 contiki-sky.a(clock.o)
 .debug_pubnames
                0x000016fd       0x75 contiki-sky.a(leds.o)
 .debug_pubnames
                0x00001772       0x49 contiki-sky.a(leds-arch.o)
 .debug_pubnames
                0x000017bb       0x8a contiki-sky.a(watchdog.o)
 .debug_pubnames
                0x00001845       0x60 contiki-sky.a(rtimer-arch.o)
 .debug_pubnames
                0x000018a5       0x2d contiki-sky.a(mac.o)
 .debug_pubnames
                0x000018d2       0x24 contiki-sky.a(framer-802154.o)
 .debug_pubnames
                0x000018f6       0x2c contiki-sky.a(spi.o)
 .debug_pubnames
                0x00001922       0x56 contiki-sky.a(frame802154.o)

.debug_info     0x00000000     0xdc5d
 *(.debug_info .gnu.linkonce.wi.* .zdebug_info)
 .debug_info    0x00000000      0x689 light-radio.co
 .debug_info    0x00000689      0x6e8 obj_sky/contiki-sky-main.o
 .debug_info    0x00000d71      0x1ad contiki-sky.a(rimeaddr.o)
 .debug_info    0x00000f1e      0x5d3 contiki-sky.a(rime.o)
 .debug_info    0x000014f1      0x13c contiki-sky.a(rimestats.o)
 .debug_info    0x0000162d      0x3a8 contiki-sky.a(announcement.o)
 .debug_info    0x000019d5      0x86e contiki-sky.a(broadcast-annou)
 .debug_info    0x00002243      0x59b contiki-sky.a(broadcast.o)
 .debug_info    0x000027de      0x474 contiki-sky.a(abc.o)
 .debug_info    0x00002c52      0x3d6 contiki-sky.a(chameleon.o)
 .debug_info    0x00003028      0x2b7 contiki-sky.a(channel.o)
 .debug_info    0x000032df      0x837 contiki-sky.a(chameleon-bitop)
 .debug_info    0x00003b16      0x9bc contiki-sky.a(csma.o)
 .debug_info    0x000044d2      0xe85 contiki-sky.a(contikimac.o)
 .debug_info    0x00005357      0x7c8 contiki-sky.a(phase.o)
 .debug_info    0x00005b1f      0x51e contiki-sky.a(process.o)
 .debug_info    0x0000603d      0x1a1 contiki-sky.a(autostart.o)
 .debug_info    0x000061de      0x3f7 contiki-sky.a(compower.o)
 .debug_info    0x000065d5      0x32a contiki-sky.a(serial-line.o)
 .debug_info    0x000068ff      0x190 contiki-sky.a(memb.o)
 .debug_info    0x00006a8f      0x168 contiki-sky.a(timer.o)
 .debug_info    0x00006bf7      0x3d0 contiki-sky.a(list.o)
 .debug_info    0x00006fc7      0x46e contiki-sky.a(etimer.o)
 .debug_info    0x00007435      0x477 contiki-sky.a(ctimer.o)
 .debug_info    0x000078ac      0x243 contiki-sky.a(energest.o)
 .debug_info    0x00007aef      0x1f7 contiki-sky.a(rtimer.o)
 .debug_info    0x00007ce6       0x98 contiki-sky.a(random.o)
 .debug_info    0x00007d7e      0x1a8 contiki-sky.a(ringbuf.o)
 .debug_info    0x00007f26      0x5d0 contiki-sky.a(packetbuf.o)
 .debug_info    0x000084f6      0x58e contiki-sky.a(queuebuf.o)
 .debug_info    0x00008a84      0x291 contiki-sky.a(contiki-sky-pla)
 .debug_info    0x00008d15      0x1ff contiki-sky.a(light-sensor.o)
 .debug_info    0x00008f14      0x3d5 contiki-sky.a(button-sensor.o)
 .debug_info    0x000092e9      0x2c1 contiki-sky.a(ds2411.o)
 .debug_info    0x000095aa      0x4b4 contiki-sky.a(xmem.o)
 .debug_info    0x00009a5e       0xdd contiki-sky.a(node-id.o)
 .debug_info    0x00009b3b      0x402 contiki-sky.a(sensors.o)
 .debug_info    0x00009f3d     0x140a contiki-sky.a(cc2420.o)
 .debug_info    0x0000b347      0x241 contiki-sky.a(cc2420-arch.o)
 .debug_info    0x0000b588      0x259 contiki-sky.a(sky-sensors.o)
 .debug_info    0x0000b7e1      0x32a contiki-sky.a(uart1.o)
 .debug_info    0x0000bb0b       0x87 contiki-sky.a(uart1-putchar.o)
 .debug_info    0x0000bb92      0x3fb contiki-sky.a(msp430.o)
 .debug_info    0x0000bf8d      0x3ec contiki-sky.a(clock.o)
 .debug_info    0x0000c379      0x273 contiki-sky.a(leds.o)
 .debug_info    0x0000c5ec       0xd6 contiki-sky.a(leds-arch.o)
 .debug_info    0x0000c6c2      0x197 contiki-sky.a(watchdog.o)
 .debug_info    0x0000c859      0x259 contiki-sky.a(rtimer-arch.o)
 .debug_info    0x0000cab2      0x108 contiki-sky.a(mac.o)
 .debug_info    0x0000cbba      0x63e contiki-sky.a(framer-802154.o)
 .debug_info    0x0000d1f8      0x12e contiki-sky.a(spi.o)
 .debug_info    0x0000d326      0x475 contiki-sky.a(frame802154.o)
 .debug_info    0x0000d79b       0xcb /opt/msp430-gcc-4.4.5/lib/gcc/msp430/4.4.5/msp2/libgcc.a(_mulsi3hw.o)
 .debug_info    0x0000d866       0xcb /opt/msp430-gcc-4.4.5/lib/gcc/msp430/4.4.5/msp2/libgcc.a(_udivmodsi4.o)
 .debug_info    0x0000d931       0xcb /opt/msp430-gcc-4.4.5/lib/gcc/msp430/4.4.5/msp2/libgcc.a(__init_stack.o)
 .debug_info    0x0000d9fc       0xcb /opt/msp430-gcc-4.4.5/lib/gcc/msp430/4.4.5/msp2/libgcc.a(_copy_data.o)
 .debug_info    0x0000dac7       0xcb /opt/msp430-gcc-4.4.5/lib/gcc/msp430/4.4.5/msp2/libgcc.a(_clear_bss.o)
 .debug_info    0x0000db92       0xcb /opt/msp430-gcc-4.4.5/lib/gcc/msp430/4.4.5/msp2/libgcc.a(__jump_to_main.o)

.debug_abbrev   0x00000000     0x5976
 *(.debug_abbrev .zdebug_abbrev)
 .debug_abbrev  0x00000000      0x21e light-radio.co
 .debug_abbrev  0x0000021e      0x29f obj_sky/contiki-sky-main.o
 .debug_abbrev  0x000004bd      0x160 contiki-sky.a(rimeaddr.o)
 .debug_abbrev  0x0000061d      0x21a contiki-sky.a(rime.o)
 .debug_abbrev  0x00000837       0x5b contiki-sky.a(rimestats.o)
 .debug_abbrev  0x00000892      0x197 contiki-sky.a(announcement.o)
 .debug_abbrev  0x00000a29      0x25c contiki-sky.a(broadcast-annou)
 .debug_abbrev  0x00000c85      0x227 contiki-sky.a(broadcast.o)
 .debug_abbrev  0x00000eac      0x1b6 contiki-sky.a(abc.o)
 .debug_abbrev  0x00001062      0x1ea contiki-sky.a(chameleon.o)
 .debug_abbrev  0x0000124c      0x19f contiki-sky.a(channel.o)
 .debug_abbrev  0x000013eb      0x359 contiki-sky.a(chameleon-bitop)
 .debug_abbrev  0x00001744      0x34c contiki-sky.a(csma.o)
 .debug_abbrev  0x00001a90      0x40e contiki-sky.a(contikimac.o)
 .debug_abbrev  0x00001e9e      0x233 contiki-sky.a(phase.o)
 .debug_abbrev  0x000020d1      0x2f5 contiki-sky.a(process.o)
 .debug_abbrev  0x000023c6       0xf1 contiki-sky.a(autostart.o)
 .debug_abbrev  0x000024b7      0x214 contiki-sky.a(compower.o)
 .debug_abbrev  0x000026cb      0x1c2 contiki-sky.a(serial-line.o)
 .debug_abbrev  0x0000288d       0xcf contiki-sky.a(memb.o)
 .debug_abbrev  0x0000295c       0xf2 contiki-sky.a(timer.o)
 .debug_abbrev  0x00002a4e      0x1f3 contiki-sky.a(list.o)
 .debug_abbrev  0x00002c41      0x230 contiki-sky.a(etimer.o)
 .debug_abbrev  0x00002e71      0x1f4 contiki-sky.a(ctimer.o)
 .debug_abbrev  0x00003065      0x156 contiki-sky.a(energest.o)
 .debug_abbrev  0x000031bb      0x133 contiki-sky.a(rtimer.o)
 .debug_abbrev  0x000032ee       0x63 contiki-sky.a(random.o)
 .debug_abbrev  0x00003351       0xf8 contiki-sky.a(ringbuf.o)
 .debug_abbrev  0x00003449      0x275 contiki-sky.a(packetbuf.o)
 .debug_abbrev  0x000036be      0x1e9 contiki-sky.a(queuebuf.o)
 .debug_abbrev  0x000038a7      0x13a contiki-sky.a(contiki-sky-pla)
 .debug_abbrev  0x000039e1       0xe3 contiki-sky.a(light-sensor.o)
 .debug_abbrev  0x00003ac4      0x1cb contiki-sky.a(button-sensor.o)
 .debug_abbrev  0x00003c8f      0x19c contiki-sky.a(ds2411.o)
 .debug_abbrev  0x00003e2b      0x20c contiki-sky.a(xmem.o)
 .debug_abbrev  0x00004037       0x89 contiki-sky.a(node-id.o)
 .debug_abbrev  0x000040c0      0x223 contiki-sky.a(sensors.o)
 .debug_abbrev  0x000042e3      0x492 contiki-sky.a(cc2420.o)
 .debug_abbrev  0x00004775      0x144 contiki-sky.a(cc2420-arch.o)
 .debug_abbrev  0x000048b9      0x147 contiki-sky.a(sky-sensors.o)
 .debug_abbrev  0x00004a00      0x17b contiki-sky.a(uart1.o)
 .debug_abbrev  0x00004b7b       0x4e contiki-sky.a(uart1-putchar.o)
 .debug_abbrev  0x00004bc9      0x1f4 contiki-sky.a(msp430.o)
 .debug_abbrev  0x00004dbd      0x220 contiki-sky.a(clock.o)
 .debug_abbrev  0x00004fdd      0x13c contiki-sky.a(leds.o)
 .debug_abbrev  0x00005119       0x95 contiki-sky.a(leds-arch.o)
 .debug_abbrev  0x000051ae       0xd7 contiki-sky.a(watchdog.o)
 .debug_abbrev  0x00005285      0x182 contiki-sky.a(rtimer-arch.o)
 .debug_abbrev  0x00005407       0x9e contiki-sky.a(mac.o)
 .debug_abbrev  0x000054a5      0x225 contiki-sky.a(framer-802154.o)
 .debug_abbrev  0x000056ca       0x95 contiki-sky.a(spi.o)
 .debug_abbrev  0x0000575f      0x19f contiki-sky.a(frame802154.o)
 .debug_abbrev  0x000058fe       0x14 /opt/msp430-gcc-4.4.5/lib/gcc/msp430/4.4.5/msp2/libgcc.a(_mulsi3hw.o)
 .debug_abbrev  0x00005912       0x14 /opt/msp430-gcc-4.4.5/lib/gcc/msp430/4.4.5/msp2/libgcc.a(_udivmodsi4.o)
 .debug_abbrev  0x00005926       0x14 /opt/msp430-gcc-4.4.5/lib/gcc/msp430/4.4.5/msp2/libgcc.a(__init_stack.o)
 .debug_abbrev  0x0000593a       0x14 /opt/msp430-gcc-4.4.5/lib/gcc/msp430/4.4.5/msp2/libgcc.a(_copy_data.o)
 .debug_abbrev  0x0000594e       0x14 /opt/msp430-gcc-4.4.5/lib/gcc/msp430/4.4.5/msp2/libgcc.a(_clear_bss.o)
 .debug_abbrev  0x00005962       0x14 /opt/msp430-gcc-4.4.5/lib/gcc/msp430/4.4.5/msp2/libgcc.a(__jump_to_main.o)

.debug_line     0x00000000     0x4cc0
 *(.debug_line .zdebug_line)
 .debug_line    0x00000000      0x270 light-radio.co
 .debug_line    0x00000270      0x302 obj_sky/contiki-sky-main.o
 .debug_line    0x00000572      0x118 contiki-sky.a(rimeaddr.o)
 .debug_line    0x0000068a      0x1bf contiki-sky.a(rime.o)
 .debug_line    0x00000849       0x7f contiki-sky.a(rimestats.o)
 .debug_line    0x000008c8      0x154 contiki-sky.a(announcement.o)
 .debug_line    0x00000a1c      0x24f contiki-sky.a(broadcast-annou)
 .debug_line    0x00000c6b      0x180 contiki-sky.a(broadcast.o)
 .debug_line    0x00000deb      0x15d contiki-sky.a(abc.o)
 .debug_line    0x00000f48      0x14c contiki-sky.a(chameleon.o)
 .debug_line    0x00001094      0x15a contiki-sky.a(channel.o)
 .debug_line    0x000011ee      0x1ec contiki-sky.a(chameleon-bitop)
 .debug_line    0x000013da      0x2b0 contiki-sky.a(csma.o)
 .debug_line    0x0000168a      0x3d1 contiki-sky.a(contikimac.o)
 .debug_line    0x00001a5b      0x286 contiki-sky.a(phase.o)
 .debug_line    0x00001ce1      0x12c contiki-sky.a(process.o)
 .debug_line    0x00001e0d       0xa3 contiki-sky.a(autostart.o)
 .debug_line    0x00001eb0      0x167 contiki-sky.a(compower.o)
 .debug_line    0x00002017      0x14e contiki-sky.a(serial-line.o)
 .debug_line    0x00002165       0x9d contiki-sky.a(memb.o)
 .debug_line    0x00002202       0xca contiki-sky.a(timer.o)
 .debug_line    0x000022cc      0x102 contiki-sky.a(list.o)
 .debug_line    0x000023ce      0x160 contiki-sky.a(etimer.o)
 .debug_line    0x0000252e      0x172 contiki-sky.a(ctimer.o)
 .debug_line    0x000026a0       0xab contiki-sky.a(energest.o)
 .debug_line    0x0000274b       0xa0 contiki-sky.a(rtimer.o)
 .debug_line    0x000027eb       0x59 contiki-sky.a(random.o)
 .debug_line    0x00002844       0xec contiki-sky.a(ringbuf.o)
 .debug_line    0x00002930      0x1bd contiki-sky.a(packetbuf.o)
 .debug_line    0x00002aed      0x1ac contiki-sky.a(queuebuf.o)
 .debug_line    0x00002c99      0x114 contiki-sky.a(contiki-sky-pla)
 .debug_line    0x00002dad      0x117 contiki-sky.a(light-sensor.o)
 .debug_line    0x00002ec4      0x186 contiki-sky.a(button-sensor.o)
 .debug_line    0x0000304a      0x123 contiki-sky.a(ds2411.o)
 .debug_line    0x0000316d      0x176 contiki-sky.a(xmem.o)
 .debug_line    0x000032e3       0x6b contiki-sky.a(node-id.o)
 .debug_line    0x0000334e      0x10d contiki-sky.a(sensors.o)
 .debug_line    0x0000345b      0x495 contiki-sky.a(cc2420.o)
 .debug_line    0x000038f0      0x1b0 contiki-sky.a(cc2420-arch.o)
 .debug_line    0x00003aa0      0x128 contiki-sky.a(sky-sensors.o)
 .debug_line    0x00003bc8      0x183 contiki-sky.a(uart1.o)
 .debug_line    0x00003d4b       0xb0 contiki-sky.a(uart1-putchar.o)
 .debug_line    0x00003dfb      0x188 contiki-sky.a(msp430.o)
 .debug_line    0x00003f83      0x184 contiki-sky.a(clock.o)
 .debug_line    0x00004107       0xc8 contiki-sky.a(leds.o)
 .debug_line    0x000041cf       0xc0 contiki-sky.a(leds-arch.o)
 .debug_line    0x0000428f       0xfa contiki-sky.a(watchdog.o)
 .debug_line    0x00004389      0x111 contiki-sky.a(rtimer-arch.o)
 .debug_line    0x0000449a       0x83 contiki-sky.a(mac.o)
 .debug_line    0x0000451d      0x1b4 contiki-sky.a(framer-802154.o)
 .debug_line    0x000046d1       0xb3 contiki-sky.a(spi.o)
 .debug_line    0x00004784      0x1aa contiki-sky.a(frame802154.o)
 .debug_line    0x0000492e       0x9b /opt/msp430-gcc-4.4.5/lib/gcc/msp430/4.4.5/msp2/libgcc.a(_mulsi3hw.o)
 .debug_line    0x000049c9       0xa5 /opt/msp430-gcc-4.4.5/lib/gcc/msp430/4.4.5/msp2/libgcc.a(_udivmodsi4.o)
 .debug_line    0x00004a6e       0x92 /opt/msp430-gcc-4.4.5/lib/gcc/msp430/4.4.5/msp2/libgcc.a(__init_stack.o)
 .debug_line    0x00004b00       0x97 /opt/msp430-gcc-4.4.5/lib/gcc/msp430/4.4.5/msp2/libgcc.a(_copy_data.o)
 .debug_line    0x00004b97       0x97 /opt/msp430-gcc-4.4.5/lib/gcc/msp430/4.4.5/msp2/libgcc.a(_clear_bss.o)
 .debug_line    0x00004c2e       0x92 /opt/msp430-gcc-4.4.5/lib/gcc/msp430/4.4.5/msp2/libgcc.a(__jump_to_main.o)

.debug_frame    0x00000000     0x1bee
 *(.debug_frame .zdebug_frame)
 .debug_frame   0x00000000       0x64 light-radio.co
 .debug_frame   0x00000064       0xa6 obj_sky/contiki-sky-main.o
 .debug_frame   0x0000010a       0x38 contiki-sky.a(rimeaddr.o)
 .debug_frame   0x00000142       0x92 contiki-sky.a(rime.o)
 .debug_frame   0x000001d4       0xf6 contiki-sky.a(announcement.o)
 .debug_frame   0x000002ca       0xfa contiki-sky.a(broadcast-annou)
 .debug_frame   0x000003c4       0x74 contiki-sky.a(broadcast.o)
 .debug_frame   0x00000438       0x62 contiki-sky.a(abc.o)
 .debug_frame   0x0000049a       0x4a contiki-sky.a(chameleon.o)
 .debug_frame   0x000004e4       0x62 contiki-sky.a(channel.o)
 .debug_frame   0x00000546      0x114 contiki-sky.a(chameleon-bitop)
 .debug_frame   0x0000065a      0x100 contiki-sky.a(csma.o)
 .debug_frame   0x0000075a      0x144 contiki-sky.a(contikimac.o)
 .debug_frame   0x0000089e       0xd0 contiki-sky.a(phase.o)
 .debug_frame   0x0000096e       0xe0 contiki-sky.a(process.o)
 .debug_frame   0x00000a4e       0x38 contiki-sky.a(autostart.o)
 .debug_frame   0x00000a86       0x62 contiki-sky.a(compower.o)
 .debug_frame   0x00000ae8       0x44 contiki-sky.a(serial-line.o)
 .debug_frame   0x00000b2c       0x62 contiki-sky.a(memb.o)
 .debug_frame   0x00000b8e       0x74 contiki-sky.a(timer.o)
 .debug_frame   0x00000c02       0xa4 contiki-sky.a(list.o)
 .debug_frame   0x00000ca6      0x10a contiki-sky.a(etimer.o)
 .debug_frame   0x00000db0       0xaa contiki-sky.a(ctimer.o)
 .debug_frame   0x00000e5a       0x6e contiki-sky.a(energest.o)
 .debug_frame   0x00000ec8       0x38 contiki-sky.a(rtimer.o)
 .debug_frame   0x00000f00       0x2c contiki-sky.a(random.o)
 .debug_frame   0x00000f2c       0x68 contiki-sky.a(ringbuf.o)
 .debug_frame   0x00000f94      0x152 contiki-sky.a(packetbuf.o)
 .debug_frame   0x000010e6       0xbc contiki-sky.a(queuebuf.o)
 .debug_frame   0x000011a2       0x20 contiki-sky.a(contiki-sky-pla)
 .debug_frame   0x000011c2       0x38 contiki-sky.a(light-sensor.o)
 .debug_frame   0x000011fa       0x68 contiki-sky.a(button-sensor.o)
 .debug_frame   0x00001262       0x50 contiki-sky.a(ds2411.o)
 .debug_frame   0x000012b2       0xd0 contiki-sky.a(xmem.o)
 .debug_frame   0x00001382       0x38 contiki-sky.a(node-id.o)
 .debug_frame   0x000013ba       0x86 contiki-sky.a(sensors.o)
 .debug_frame   0x00001440      0x250 contiki-sky.a(cc2420.o)
 .debug_frame   0x00001690       0x50 contiki-sky.a(cc2420-arch.o)
 .debug_frame   0x000016e0       0x3e contiki-sky.a(sky-sensors.o)
 .debug_frame   0x0000171e       0x7a contiki-sky.a(uart1.o)
 .debug_frame   0x00001798       0x26 contiki-sky.a(uart1-putchar.o)
 .debug_frame   0x000017be       0x98 contiki-sky.a(msp430.o)
 .debug_frame   0x00001856       0xd4 contiki-sky.a(clock.o)
 .debug_frame   0x0000192a       0x92 contiki-sky.a(leds.o)
 .debug_frame   0x000019bc       0x3e contiki-sky.a(leds-arch.o)
 .debug_frame   0x000019fa       0x5c contiki-sky.a(watchdog.o)
 .debug_frame   0x00001a56       0x68 contiki-sky.a(rtimer-arch.o)
 .debug_frame   0x00001abe       0x26 contiki-sky.a(mac.o)
 .debug_frame   0x00001ae4       0x4e contiki-sky.a(framer-802154.o)
 .debug_frame   0x00001b32       0x20 contiki-sky.a(spi.o)
 .debug_frame   0x00001b52       0x9c contiki-sky.a(frame802154.o)

.debug_str      0x00000000     0x3880
 *(.debug_str .zdebug_str)
 .debug_str     0x00000000      0x370 light-radio.co
                                0x447 (size before relaxing)
 .debug_str     0x00000370      0x1bb obj_sky/contiki-sky-main.o
                                0x49c (size before relaxing)
 .debug_str     0x0000052b       0x82 contiki-sky.a(rimeaddr.o)
                                0x133 (size before relaxing)
 .debug_str     0x000005ad      0x18e contiki-sky.a(rime.o)
                                0x355 (size before relaxing)
 .debug_str     0x0000073b       0x2d contiki-sky.a(rimestats.o)
                                 0xde (size before relaxing)
 .debug_str     0x00000768      0x1ac contiki-sky.a(announcement.o)
                                0x2b9 (size before relaxing)
 .debug_str     0x00000914      0x1b3 contiki-sky.a(broadcast-annou)
                                0x533 (size before relaxing)
 .debug_str     0x00000ac7      0x354 contiki-sky.a(broadcast.o)
                                0x637 (size before relaxing)
 .debug_str     0x00000e1b       0x56 contiki-sky.a(abc.o)
                                0x5c8 (size before relaxing)
 .debug_str     0x00000e71       0xa4 contiki-sky.a(chameleon.o)
                                0x4b8 (size before relaxing)
 .debug_str     0x00000f15       0x98 contiki-sky.a(channel.o)
                                0x1da (size before relaxing)
 .debug_str     0x00000fad       0xd1 contiki-sky.a(chameleon-bitop)
                                0x54f (size before relaxing)
 .debug_str     0x0000107e      0x171 contiki-sky.a(csma.o)
                                0x725 (size before relaxing)
 .debug_str     0x000011ef      0x404 contiki-sky.a(contikimac.o)
                                0x9fb (size before relaxing)
 .debug_str     0x000015f3      0x109 contiki-sky.a(phase.o)
                                0x3ea (size before relaxing)
 .debug_str     0x000016fc      0x16c contiki-sky.a(process.o)
                                0x271 (size before relaxing)
 .debug_str     0x00001868       0x47 contiki-sky.a(autostart.o)
                                0x129 (size before relaxing)
 .debug_str     0x000018af       0x9e contiki-sky.a(compower.o)
                                0x5e6 (size before relaxing)
 .debug_str     0x0000194d       0xc1 contiki-sky.a(serial-line.o)
                                0x30f (size before relaxing)
 .debug_str     0x00001a0e       0x53 contiki-sky.a(memb.o)
                                 0xee (size before relaxing)
 .debug_str     0x00001a61       0x34 contiki-sky.a(timer.o)
                                0x118 (size before relaxing)
 .debug_str     0x00001a95       0xb5 contiki-sky.a(list.o)
                                 0xdc (size before relaxing)
 .debug_str     0x00001b4a      0x140 contiki-sky.a(etimer.o)
                                0x27e (size before relaxing)
 .debug_str     0x00001c8a       0xba contiki-sky.a(ctimer.o)
                                0x339 (size before relaxing)
 .debug_str     0x00001d44       0xa8 contiki-sky.a(energest.o)
                                0x2c1 (size before relaxing)
 .debug_str     0x00001dec       0x61 contiki-sky.a(rtimer.o)
                                0x292 (size before relaxing)
 .debug_str     0x00001e4d       0x42 contiki-sky.a(random.o)
                                 0xcd (size before relaxing)
 .debug_str     0x00001e8f       0x69 contiki-sky.a(ringbuf.o)
                                0x12b (size before relaxing)
 .debug_str     0x00001ef8      0x1ec contiki-sky.a(packetbuf.o)
                                0x716 (size before relaxing)
 .debug_str     0x000020e4      0x130 contiki-sky.a(queuebuf.o)
                                0x67d (size before relaxing)
 .debug_str     0x00002214       0x55 contiki-sky.a(contiki-sky-pla)
                                0x2a5 (size before relaxing)
 .debug_str     0x00002269       0x57 contiki-sky.a(light-sensor.o)
                                0x241 (size before relaxing)
 .debug_str     0x000022c0      0x136 contiki-sky.a(button-sensor.o)
                                0x3a5 (size before relaxing)
 .debug_str     0x000023f6       0x66 contiki-sky.a(ds2411.o)
                                0x250 (size before relaxing)
 .debug_str     0x0000245c       0xf7 contiki-sky.a(xmem.o)
                                0x331 (size before relaxing)
 .debug_str     0x00002553       0x49 contiki-sky.a(node-id.o)
                                 0xdc (size before relaxing)
 .debug_str     0x0000259c       0xa1 contiki-sky.a(sensors.o)
                                0x324 (size before relaxing)
 .debug_str     0x0000263d      0x7e1 contiki-sky.a(cc2420.o)
                                0xf99 (size before relaxing)
 .debug_str     0x00002e1e       0x57 contiki-sky.a(cc2420-arch.o)
                                0x2ef (size before relaxing)
 .debug_str     0x00002e75       0xc6 contiki-sky.a(sky-sensors.o)
                                0x2ab (size before relaxing)
 .debug_str     0x00002f3b      0x145 contiki-sky.a(uart1.o)
                                0x374 (size before relaxing)
 .debug_str     0x00003080       0x3a contiki-sky.a(uart1-putchar.o)
                                 0xc5 (size before relaxing)
 .debug_str     0x000030ba      0x182 contiki-sky.a(msp430.o)
                                0x388 (size before relaxing)
 .debug_str     0x0000323c       0xf3 contiki-sky.a(clock.o)
                                0x345 (size before relaxing)
 .debug_str     0x0000332f       0x79 contiki-sky.a(leds.o)
                                0x2a1 (size before relaxing)
 .debug_str     0x000033a8       0x73 contiki-sky.a(leds-arch.o)
                                0x103 (size before relaxing)
 .debug_str     0x0000341b       0xa2 contiki-sky.a(watchdog.o)
                                0x269 (size before relaxing)
 .debug_str     0x000034bd       0x8b contiki-sky.a(rtimer-arch.o)
                                0x2a7 (size before relaxing)
 .debug_str     0x00003548       0x3d contiki-sky.a(mac.o)
                                0x13e (size before relaxing)
 .debug_str     0x00003585      0x1a0 contiki-sky.a(framer-802154.o)
                                0x603 (size before relaxing)
 .debug_str     0x00003725       0x84 contiki-sky.a(spi.o)
                                0x13a (size before relaxing)
 .debug_str     0x000037a9       0xd7 contiki-sky.a(frame802154.o)
                                0x2ec (size before relaxing)

.debug_loc      0x00000000     0x35c5
 *(.debug_loc .zdebug_loc)
 .debug_loc     0x00000000      0x122 light-radio.co
 .debug_loc     0x00000122      0x12b obj_sky/contiki-sky-main.o
 .debug_loc     0x0000024d       0x20 contiki-sky.a(rimeaddr.o)
 .debug_loc     0x0000026d      0x130 contiki-sky.a(rime.o)
 .debug_loc     0x0000039d      0x1b2 contiki-sky.a(announcement.o)
 .debug_loc     0x0000054f      0x1d4 contiki-sky.a(broadcast-annou)
 .debug_loc     0x00000723       0xf7 contiki-sky.a(broadcast.o)
 .debug_loc     0x0000081a       0xb1 contiki-sky.a(abc.o)
 .debug_loc     0x000008cb       0x47 contiki-sky.a(chameleon.o)
 .debug_loc     0x00000912       0xb2 contiki-sky.a(channel.o)
 .debug_loc     0x000009c4      0x40c contiki-sky.a(chameleon-bitop)
 .debug_loc     0x00000dd0      0x1d1 contiki-sky.a(csma.o)
 .debug_loc     0x00000fa1      0x377 contiki-sky.a(contikimac.o)
 .debug_loc     0x00001318      0x1f4 contiki-sky.a(phase.o)
 .debug_loc     0x0000150c      0x1cd contiki-sky.a(process.o)
 .debug_loc     0x000016d9       0x4c contiki-sky.a(autostart.o)
 .debug_loc     0x00001725       0x46 contiki-sky.a(compower.o)
 .debug_loc     0x0000176b       0xd1 contiki-sky.a(serial-line.o)
 .debug_loc     0x0000183c      0x100 contiki-sky.a(memb.o)
 .debug_loc     0x0000193c       0xb1 contiki-sky.a(timer.o)
 .debug_loc     0x000019ed      0x137 contiki-sky.a(list.o)
 .debug_loc     0x00001b24      0x230 contiki-sky.a(etimer.o)
 .debug_loc     0x00001d54      0x1d7 contiki-sky.a(ctimer.o)
 .debug_loc     0x00001f2b       0x6f contiki-sky.a(energest.o)
 .debug_loc     0x00001f9a       0x41 contiki-sky.a(rtimer.o)
 .debug_loc     0x00001fdb        0xb contiki-sky.a(random.o)
 .debug_loc     0x00001fe6       0x84 contiki-sky.a(ringbuf.o)
 .debug_loc     0x0000206a      0x18c contiki-sky.a(packetbuf.o)
 .debug_loc     0x000021f6      0x121 contiki-sky.a(queuebuf.o)
 .debug_loc     0x00002317       0x3a contiki-sky.a(light-sensor.o)
 .debug_loc     0x00002351       0x8b contiki-sky.a(button-sensor.o)
 .debug_loc     0x000023dc       0xd9 contiki-sky.a(ds2411.o)
 .debug_loc     0x000024b5      0x351 contiki-sky.a(xmem.o)
 .debug_loc     0x00002806       0x4a contiki-sky.a(node-id.o)
 .debug_loc     0x00002850      0x133 contiki-sky.a(sensors.o)
 .debug_loc     0x00002983      0x514 contiki-sky.a(cc2420.o)
 .debug_loc     0x00002e97       0x3c contiki-sky.a(cc2420-arch.o)
 .debug_loc     0x00002ed3       0xec contiki-sky.a(sky-sensors.o)
 .debug_loc     0x00002fbf       0xaa contiki-sky.a(uart1.o)
 .debug_loc     0x00003069       0x26 contiki-sky.a(uart1-putchar.o)
 .debug_loc     0x0000308f       0x56 contiki-sky.a(msp430.o)
 .debug_loc     0x000030e5       0xba contiki-sky.a(clock.o)
 .debug_loc     0x0000319f       0xa1 contiki-sky.a(leds.o)
 .debug_loc     0x00003240       0x1f contiki-sky.a(leds-arch.o)
 .debug_loc     0x0000325f       0x68 contiki-sky.a(rtimer-arch.o)
 .debug_loc     0x000032c7       0x71 contiki-sky.a(mac.o)
 .debug_loc     0x00003338       0x7f contiki-sky.a(framer-802154.o)
 .debug_loc     0x000033b7      0x20e contiki-sky.a(frame802154.o)

.debug_macinfo
 *(.debug_macinfo .zdebug_macinfo)

.debug_pubtypes
 *(.debug_pubtypes)

.debug_ranges   0x00000000       0x48
 *(.debug_ranges)
 .debug_ranges  0x00000000        0xc contiki-sky.a(broadcast-annou)
 .debug_ranges  0x0000000c       0x24 contiki-sky.a(chameleon-bitop)
 .debug_ranges  0x00000030       0x18 contiki-sky.a(contikimac.o)
                0x00003900                PROVIDE (__stack, 0x3900)
                0x00009b6e                PROVIDE (__data_start_rom, _etext)
                0x00009be2                PROVIDE (__data_end_rom, (_etext + SIZEOF (.data)))
                0x00009be2                PROVIDE (__noinit_start_rom, (_etext + SIZEOF (.data)))
                0x00009be2                PROVIDE (__noinit_end_rom, ((_etext + SIZEOF (.data)) + SIZEOF (.noinit)))
                0x00000000                PROVIDE (__subdevice_has_heap, 0x0)
OUTPUT(light-radio.sky elf32-msp430)
